fsl_adc16.h:382:20:ADC16_EnableHardwareTrigger	16	static
fsl_adc16.h:500:24:ADC16_GetChannelConversionValue	16	static
fsl_dac.h:210:20:DAC_Enable	16	static
fsl_dma.h:558:20:DMA_StartTransfer	16	static
fsl_dmamux.h:98:20:DMAMUX_EnableChannel	16	static
fsl_dmamux.h:128:20:DMAMUX_SetSource	24	static
DAC_Pgm.c:51:6:DAC_ADC_Init	24	static
DAC_Pgm.c:98:6:ADC0_IRQHandler	8	static
DAC_Pgm.c:106:6:sine_wave	8	static
DAC_Pgm.c:127:6:DAC_Equations	24	static
DAC_Pgm.c:145:6:ADC_Calculation	16	static
DAC_Pgm.c:166:6:DSP_Initialize	8	static
DAC_Pgm.c:174:6:DMA_Callback	16	static
DAC_Pgm.c:179:6:DMA_Pgm	40	static
DAC_Pgm.c:231:6:Add_ADC_Values_To_Buffer	8	static
DAC_Pgm.c:257:6:Voltage_Prameters	8	static
